// Jest Snapshot v1, https://goo.gl/fbAQLP

exports[`creating test snapshot dog snapshot 1`] = `
<dl>
  <dt>
    Name
  </dt>
  <dd />
  <dt>
    Age
  </dt>
  <dd />
  <dt>
    Weight
  </dt>
  <dd />
</dl>
`;
